Component: ARM Compiler 5.06 update 7 (build 960) Tool: armlink [4d3601]

==============================================================================

Section Cross References

    startup_tm4c123.o(STACK) refers (Special) to heapauxi.o(.text) for __use_two_region_memory
    startup_tm4c123.o(HEAP) refers (Special) to heapauxi.o(.text) for __use_two_region_memory
    startup_tm4c123.o(RESET) refers (Special) to heapauxi.o(.text) for __use_two_region_memory
    startup_tm4c123.o(RESET) refers to startup_tm4c123.o(STACK) for __initial_sp
    startup_tm4c123.o(RESET) refers to startup_tm4c123.o(.text) for Reset_Handler
    startup_tm4c123.o(RESET) refers to main.o(.text) for SysTick_Handler
    startup_tm4c123.o(RESET) refers to timer0.o(.text) for TIMER0A_Handler
    startup_tm4c123.o(RESET) refers to timer1.o(.text) for TIMER1A_Handler
    startup_tm4c123.o(RESET) refers to timer2.o(.text) for TIMER2A_Handler
    startup_tm4c123.o(RESET) refers to texas.o(.text) for TIMER5A_Handler
    startup_tm4c123.o(.text) refers (Special) to heapauxi.o(.text) for __use_two_region_memory
    startup_tm4c123.o(.text) refers to __main.o(!!!main) for __main
    startup_tm4c123.o(.text) refers to startup_tm4c123.o(HEAP) for Heap_Mem
    startup_tm4c123.o(.text) refers to startup_tm4c123.o(STACK) for Stack_Mem
    main.o(.text) refers to sound.o(.text) for Sound_InvaderKilled()
    main.o(.text) refers to slidepot.o(.text) for ADC_In()
    main.o(.text) refers to main.o(.bss) for Player
    main.o(.text) refers to main.o(.constdata) for PlayerShip0
    main.o(.text) refers to main.o(.data) for points
    main.o(.text) refers to switch.o(.text) for Switch_In()
    main.o(.text) refers to ssd1306.o(.text) for SSD1306_ClearBuffer()
    main.o(.text) refers to startup_tm4c123.o(.text) for DisableInterrupts
    main.o(.text) refers to texas.o(.text) for TExaS_Init(void(*)())
    main.o(.text) refers to random.o(.text) for Random_Init(unsigned)
    main.o(.ARM.exidx) refers to main.o(.text) for .text
    dac.o(.ARM.exidx) refers to dac.o(.text) for .text
    random.o(.text) refers to random.o(.data) for M
    random.o(.ARM.exidx) refers to random.o(.text) for .text
    slidepot.o(.text) refers to slidepot.o(.data) for delay
    slidepot.o(.ARM.exidx) refers to slidepot.o(.text) for .text
    sound.o(.text) refers to dac.o(.text) for DAC_Out(unsigned)
    sound.o(.text) refers to timer0.o(.text) for Timer0_Init(void(*)(), unsigned)
    sound.o(.text) refers to sound.o(.data) for Length
    sound.o(.text) refers to sound.o(.constdata) for shoot
    sound.o(.ARM.exidx) refers to sound.o(.text) for .text
    timer0.o(.text) refers to timer0.o(.data) for PeriodicTask0
    timer0.o(.ARM.exidx) refers to timer0.o(.text) for .text
    timer1.o(.text) refers to timer1.o(.data) for PeriodicTask1
    timer1.o(.ARM.exidx) refers to timer1.o(.text) for .text
    i2c3.o(.ARM.exidx) refers to i2c3.o(.text) for .text
    ssd1306.o(.text) refers to i2c3.o(.text) for I2C3_Send2(signed char, unsigned char, unsigned char)
    ssd1306.o(.text) refers to ssd1306.o(.data) for CurrentX
    ssd1306.o(.text) refers to ssd1306.o(.constdata) for dlist1
    ssd1306.o(.text) refers to ssd1306.o(.bss) for buffer
    ssd1306.o(.ARM.exidx) refers to ssd1306.o(.text) for .text
    texas.o(.text) refers to texas.o(.data) for sendDataPt
    texas.o(.ARM.exidx) refers to texas.o(.text) for .text
    timer2.o(.text) refers to timer2.o(.data) for PeriodicTask2
    timer2.o(.ARM.exidx) refers to timer2.o(.text) for .text
    switch.o(.ARM.exidx) refers to switch.o(.text) for .text
    __main.o(!!!main) refers to __rtentry.o(.ARM.Collect$$rtentry$$00000000) for __rt_entry
    __rtentry.o(.ARM.Collect$$rtentry$$00000000) refers (Special) to __rtentry2.o(.ARM.Collect$$rtentry$$0000000A) for __rt_entry_li
    __rtentry.o(.ARM.Collect$$rtentry$$00000000) refers (Special) to __rtentry2.o(.ARM.Collect$$rtentry$$0000000D) for __rt_entry_main
    __rtentry.o(.ARM.Collect$$rtentry$$00000000) refers (Special) to __rtentry2.o(.ARM.Collect$$rtentry$$0000000C) for __rt_entry_postli_1
    __rtentry.o(.ARM.Collect$$rtentry$$00000000) refers (Special) to __rtentry2.o(.ARM.Collect$$rtentry$$00000009) for __rt_entry_postsh_1
    __rtentry.o(.ARM.Collect$$rtentry$$00000000) refers (Special) to __rtentry2.o(.ARM.Collect$$rtentry$$00000002) for __rt_entry_presh_1
    __rtentry.o(.ARM.Collect$$rtentry$$00000000) refers (Special) to __rtentry4.o(.ARM.Collect$$rtentry$$00000004) for __rt_entry_sh
    __rtentry2.o(.ARM.Collect$$rtentry$$00000008) refers to boardinit2.o(.text) for _platform_post_stackheap_init
    __rtentry2.o(.ARM.Collect$$rtentry$$0000000A) refers to libinit.o(.ARM.Collect$$libinit$$00000000) for __rt_lib_init
    __rtentry2.o(.ARM.Collect$$rtentry$$0000000B) refers to boardinit3.o(.text) for _platform_post_lib_init
    __rtentry2.o(.ARM.Collect$$rtentry$$0000000D) refers to main.o(.text) for main
    __rtentry2.o(.ARM.Collect$$rtentry$$0000000D) refers to exit.o(.text) for exit
    __rtentry2.o(.ARM.exidx) refers to __rtentry2.o(.ARM.Collect$$rtentry$$00000001) for .ARM.Collect$$rtentry$$00000001
    __rtentry2.o(.ARM.exidx) refers to __rtentry2.o(.ARM.Collect$$rtentry$$00000008) for .ARM.Collect$$rtentry$$00000008
    __rtentry2.o(.ARM.exidx) refers to __rtentry2.o(.ARM.Collect$$rtentry$$0000000A) for .ARM.Collect$$rtentry$$0000000A
    __rtentry2.o(.ARM.exidx) refers to __rtentry2.o(.ARM.Collect$$rtentry$$0000000B) for .ARM.Collect$$rtentry$$0000000B
    __rtentry2.o(.ARM.exidx) refers to __rtentry2.o(.ARM.Collect$$rtentry$$0000000D) for .ARM.Collect$$rtentry$$0000000D
    __rtentry4.o(.ARM.Collect$$rtentry$$00000004) refers to sys_stackheap_outer.o(.text) for __user_setup_stackheap
    __rtentry4.o(.ARM.exidx) refers to __rtentry4.o(.ARM.Collect$$rtentry$$00000004) for .ARM.Collect$$rtentry$$00000004
    sys_stackheap_outer.o(.text) refers to libspace.o(.text) for __user_perproc_libspace
    sys_stackheap_outer.o(.text) refers to startup_tm4c123.o(.text) for __user_initial_stackheap
    exit.o(.text) refers to rtexit.o(.ARM.Collect$$rtexit$$00000000) for __rt_exit
    libinit.o(.ARM.Collect$$libinit$$00000000) refers (Special) to libinit2.o(.ARM.Collect$$libinit$$0000002E) for __rt_lib_init_alloca_1
    libinit.o(.ARM.Collect$$libinit$$00000000) refers (Special) to libinit2.o(.ARM.Collect$$libinit$$0000002C) for __rt_lib_init_argv_1
    libinit.o(.ARM.Collect$$libinit$$00000000) refers (Special) to libinit2.o(.ARM.Collect$$libinit$$0000001B) for __rt_lib_init_atexit_1
    libinit.o(.ARM.Collect$$libinit$$00000000) refers (Special) to libinit2.o(.ARM.Collect$$libinit$$00000021) for __rt_lib_init_clock_1
    libinit.o(.ARM.Collect$$libinit$$00000000) refers (Special) to libinit2.o(.ARM.Collect$$libinit$$00000032) for __rt_lib_init_cpp_1
    libinit.o(.ARM.Collect$$libinit$$00000000) refers (Special) to libinit2.o(.ARM.Collect$$libinit$$00000030) for __rt_lib_init_exceptions_1
    libinit.o(.ARM.Collect$$libinit$$00000000) refers (Special) to libinit2.o(.ARM.Collect$$libinit$$00000002) for __rt_lib_init_fp_1
    libinit.o(.ARM.Collect$$libinit$$00000000) refers (Special) to libinit2.o(.ARM.Collect$$libinit$$0000001F) for __rt_lib_init_fp_trap_1
    libinit.o(.ARM.Collect$$libinit$$00000000) refers (Special) to libinit2.o(.ARM.Collect$$libinit$$00000023) for __rt_lib_init_getenv_1
    libinit.o(.ARM.Collect$$libinit$$00000000) refers (Special) to libinit2.o(.ARM.Collect$$libinit$$0000000A) for __rt_lib_init_heap_1
    libinit.o(.ARM.Collect$$libinit$$00000000) refers (Special) to libinit2.o(.ARM.Collect$$libinit$$00000011) for __rt_lib_init_lc_collate_1
    libinit.o(.ARM.Collect$$libinit$$00000000) refers (Special) to libinit2.o(.ARM.Collect$$libinit$$00000013) for __rt_lib_init_lc_ctype_1
    libinit.o(.ARM.Collect$$libinit$$00000000) refers (Special) to libinit2.o(.ARM.Collect$$libinit$$00000015) for __rt_lib_init_lc_monetary_1
    libinit.o(.ARM.Collect$$libinit$$00000000) refers (Special) to libinit2.o(.ARM.Collect$$libinit$$00000017) for __rt_lib_init_lc_numeric_1
    libinit.o(.ARM.Collect$$libinit$$00000000) refers (Special) to libinit2.o(.ARM.Collect$$libinit$$00000019) for __rt_lib_init_lc_time_1
    libinit.o(.ARM.Collect$$libinit$$00000000) refers (Special) to libinit2.o(.ARM.Collect$$libinit$$00000004) for __rt_lib_init_preinit_1
    libinit.o(.ARM.Collect$$libinit$$00000000) refers (Special) to libinit2.o(.ARM.Collect$$libinit$$0000000E) for __rt_lib_init_rand_1
    libinit.o(.ARM.Collect$$libinit$$00000000) refers (Special) to libinit2.o(.ARM.Collect$$libinit$$00000033) for __rt_lib_init_return
    libinit.o(.ARM.Collect$$libinit$$00000000) refers (Special) to libinit2.o(.ARM.Collect$$libinit$$0000001D) for __rt_lib_init_signal_1
    libinit.o(.ARM.Collect$$libinit$$00000000) refers (Special) to libinit2.o(.ARM.Collect$$libinit$$00000025) for __rt_lib_init_stdio_1
    libinit.o(.ARM.Collect$$libinit$$00000000) refers (Special) to libinit2.o(.ARM.Collect$$libinit$$0000000C) for __rt_lib_init_user_alloc_1
    libspace.o(.text) refers to libspace.o(.bss) for __libspace_start
    rtexit.o(.ARM.Collect$$rtexit$$00000000) refers (Special) to rtexit2.o(.ARM.Collect$$rtexit$$00000004) for __rt_exit_exit
    rtexit.o(.ARM.Collect$$rtexit$$00000000) refers (Special) to rtexit2.o(.ARM.Collect$$rtexit$$00000003) for __rt_exit_ls
    rtexit.o(.ARM.Collect$$rtexit$$00000000) refers (Special) to rtexit2.o(.ARM.Collect$$rtexit$$00000002) for __rt_exit_prels_1
    rtexit.o(.ARM.exidx) refers (Special) to rtexit2.o(.ARM.Collect$$rtexit$$00000004) for __rt_exit_exit
    rtexit.o(.ARM.exidx) refers (Special) to rtexit2.o(.ARM.Collect$$rtexit$$00000003) for __rt_exit_ls
    rtexit.o(.ARM.exidx) refers (Special) to rtexit2.o(.ARM.Collect$$rtexit$$00000002) for __rt_exit_prels_1
    rtexit.o(.ARM.exidx) refers to rtexit.o(.ARM.Collect$$rtexit$$00000000) for .ARM.Collect$$rtexit$$00000000
    libinit2.o(.ARM.Collect$$libinit$$00000010) refers to libinit2.o(.ARM.Collect$$libinit$$0000000F) for .ARM.Collect$$libinit$$0000000F
    libinit2.o(.ARM.Collect$$libinit$$00000012) refers to libinit2.o(.ARM.Collect$$libinit$$0000000F) for .ARM.Collect$$libinit$$0000000F
    libinit2.o(.ARM.Collect$$libinit$$00000014) refers to libinit2.o(.ARM.Collect$$libinit$$0000000F) for .ARM.Collect$$libinit$$0000000F
    libinit2.o(.ARM.Collect$$libinit$$00000016) refers to libinit2.o(.ARM.Collect$$libinit$$0000000F) for .ARM.Collect$$libinit$$0000000F
    libinit2.o(.ARM.Collect$$libinit$$00000018) refers to libinit2.o(.ARM.Collect$$libinit$$0000000F) for .ARM.Collect$$libinit$$0000000F
    libinit2.o(.ARM.Collect$$libinit$$00000026) refers to argv_veneer.o(.emb_text) for __ARM_argv_veneer
    libinit2.o(.ARM.Collect$$libinit$$00000027) refers to argv_veneer.o(.emb_text) for __ARM_argv_veneer
    rtexit2.o(.ARM.Collect$$rtexit$$00000003) refers to libshutdown.o(.ARM.Collect$$libshutdown$$00000000) for __rt_lib_shutdown
    rtexit2.o(.ARM.Collect$$rtexit$$00000004) refers to sys_exit.o(.text) for _sys_exit
    rtexit2.o(.ARM.exidx) refers to rtexit2.o(.ARM.Collect$$rtexit$$00000001) for .ARM.Collect$$rtexit$$00000001
    rtexit2.o(.ARM.exidx) refers to rtexit2.o(.ARM.Collect$$rtexit$$00000003) for .ARM.Collect$$rtexit$$00000003
    rtexit2.o(.ARM.exidx) refers to rtexit2.o(.ARM.Collect$$rtexit$$00000004) for .ARM.Collect$$rtexit$$00000004
    argv_veneer.o(.emb_text) refers to no_argv.o(.text) for __ARM_get_argv
    sys_exit.o(.text) refers (Special) to use_no_semi.o(.text) for __I$use$semihosting
    sys_exit.o(.text) refers (Special) to indicate_semi.o(.text) for __semihosting_library_function
    _get_argv_nomalloc.o(.text) refers (Special) to hrguard.o(.text) for __heap_region$guard
    _get_argv_nomalloc.o(.text) refers to defsig_rtmem_outer.o(.text) for __rt_SIGRTMEM
    _get_argv_nomalloc.o(.text) refers to sys_command.o(.text) for _sys_command_string
    libshutdown.o(.ARM.Collect$$libshutdown$$00000000) refers (Special) to libshutdown2.o(.ARM.Collect$$libshutdown$$00000004) for __rt_lib_shutdown_cpp_1
    libshutdown.o(.ARM.Collect$$libshutdown$$00000000) refers (Special) to libshutdown2.o(.ARM.Collect$$libshutdown$$00000002) for __rt_lib_shutdown_fini_1
    libshutdown.o(.ARM.Collect$$libshutdown$$00000000) refers (Special) to libshutdown2.o(.ARM.Collect$$libshutdown$$00000009) for __rt_lib_shutdown_fp_trap_1
    libshutdown.o(.ARM.Collect$$libshutdown$$00000000) refers (Special) to libshutdown2.o(.ARM.Collect$$libshutdown$$00000011) for __rt_lib_shutdown_heap_1
    libshutdown.o(.ARM.Collect$$libshutdown$$00000000) refers (Special) to libshutdown2.o(.ARM.Collect$$libshutdown$$00000012) for __rt_lib_shutdown_return
    libshutdown.o(.ARM.Collect$$libshutdown$$00000000) refers (Special) to libshutdown2.o(.ARM.Collect$$libshutdown$$0000000C) for __rt_lib_shutdown_signal_1
    libshutdown.o(.ARM.Collect$$libshutdown$$00000000) refers (Special) to libshutdown2.o(.ARM.Collect$$libshutdown$$00000006) for __rt_lib_shutdown_stdio_1
    libshutdown.o(.ARM.Collect$$libshutdown$$00000000) refers (Special) to libshutdown2.o(.ARM.Collect$$libshutdown$$0000000E) for __rt_lib_shutdown_user_alloc_1
    sys_command.o(.text) refers (Special) to use_no_semi.o(.text) for __I$use$semihosting
    sys_command.o(.text) refers (Special) to indicate_semi.o(.text) for __semihosting_library_function
    defsig_rtmem_outer.o(.text) refers to defsig_rtmem_inner.o(.text) for __rt_SIGRTMEM_inner
    defsig_rtmem_outer.o(.text) refers to defsig_exit.o(.text) for __sig_exit
    defsig_rtmem_formal.o(.text) refers to rt_raise.o(.text) for __rt_raise
    rt_raise.o(.text) refers to __raise.o(.text) for __raise
    rt_raise.o(.text) refers to sys_exit.o(.text) for _sys_exit
    defsig_exit.o(.text) refers to sys_exit.o(.text) for _sys_exit
    defsig_rtmem_inner.o(.text) refers to defsig_general.o(.text) for __default_signal_display
    __raise.o(.text) refers to defsig.o(CL$$defsig) for __default_signal_handler
    defsig_general.o(.text) refers to sys_wrch.o(.text) for _ttywrch
    sys_wrch.o(.text) refers (Special) to use_no_semi.o(.text) for __I$use$semihosting
    sys_wrch.o(.text) refers (Special) to indicate_semi.o(.text) for __semihosting_library_function
    defsig.o(CL$$defsig) refers to defsig_rtmem_inner.o(.text) for __rt_SIGRTMEM_inner
    defsig_abrt_inner.o(.text) refers to defsig_general.o(.text) for __default_signal_display
    defsig_fpe_inner.o(.text) refers to defsig_general.o(.text) for __default_signal_display
    defsig_rtred_inner.o(.text) refers to defsig_general.o(.text) for __default_signal_display
    defsig_stak_inner.o(.text) refers to defsig_general.o(.text) for __default_signal_display
    defsig_pvfn_inner.o(.text) refers to defsig_general.o(.text) for __default_signal_display
    defsig_cppl_inner.o(.text) refers to defsig_general.o(.text) for __default_signal_display
    defsig_segv_inner.o(.text) refers to defsig_general.o(.text) for __default_signal_display
    defsig_other.o(.text) refers to defsig_general.o(.text) for __default_signal_display


==============================================================================

Removing Unused input sections from the image.

    Removing main.o(.ARM.exidx), (8 bytes).
    Removing dac.o(.ARM.exidx), (8 bytes).
    Removing random.o(.ARM.exidx), (8 bytes).
    Removing slidepot.o(.ARM.exidx), (8 bytes).
    Removing sound.o(.ARM.exidx), (8 bytes).
    Removing timer0.o(.ARM.exidx), (8 bytes).
    Removing timer1.o(.ARM.exidx), (8 bytes).
    Removing i2c3.o(.ARM.exidx), (8 bytes).
    Removing ssd1306.o(.ARM.exidx), (8 bytes).
    Removing texas.o(.ARM.exidx), (8 bytes).
    Removing timer2.o(.ARM.exidx), (8 bytes).
    Removing switch.o(.ARM.exidx), (8 bytes).

12 unused section(s) (total 96 bytes) removed from the image.

==============================================================================

Image Symbol Table

    Local Symbols

    Symbol Name                              Value     Ov Type        Size  Object(Section)

    RESET                                    0x00000000   Section      620  startup_tm4c123.o(RESET)
    ../clib/angel/boardlib.s                 0x00000000   Number         0  boardinit3.o ABSOLUTE
    ../clib/angel/boardlib.s                 0x00000000   Number         0  boardshut.o ABSOLUTE
    ../clib/angel/boardlib.s                 0x00000000   Number         0  boardinit1.o ABSOLUTE
    ../clib/angel/boardlib.s                 0x00000000   Number         0  boardinit2.o ABSOLUTE
    ../clib/angel/handlers.s                 0x00000000   Number         0  __scatter_copy.o ABSOLUTE
    ../clib/angel/handlers.s                 0x00000000   Number         0  __scatter_zi.o ABSOLUTE
    ../clib/angel/kernel.s                   0x00000000   Number         0  __rtentry2.o ABSOLUTE
    ../clib/angel/kernel.s                   0x00000000   Number         0  __rtentry.o ABSOLUTE
    ../clib/angel/kernel.s                   0x00000000   Number         0  __rtentry4.o ABSOLUTE
    ../clib/angel/kernel.s                   0x00000000   Number         0  rtexit.o ABSOLUTE
    ../clib/angel/kernel.s                   0x00000000   Number         0  rtexit2.o ABSOLUTE
    ../clib/angel/rt.s                       0x00000000   Number         0  rt_raise.o ABSOLUTE
    ../clib/angel/scatter.s                  0x00000000   Number         0  __scatter.o ABSOLUTE
    ../clib/angel/startup.s                  0x00000000   Number         0  __main.o ABSOLUTE
    ../clib/angel/sys.s                      0x00000000   Number         0  indicate_semi.o ABSOLUTE
    ../clib/angel/sys.s                      0x00000000   Number         0  use_no_semi.o ABSOLUTE
    ../clib/angel/sys.s                      0x00000000   Number         0  sys_stackheap_outer.o ABSOLUTE
    ../clib/angel/sys.s                      0x00000000   Number         0  libspace.o ABSOLUTE
    ../clib/angel/sysapp.c                   0x00000000   Number         0  sys_exit.o ABSOLUTE
    ../clib/angel/sysapp.c                   0x00000000   Number         0  sys_command.o ABSOLUTE
    ../clib/angel/sysapp.c                   0x00000000   Number         0  sys_wrch.o ABSOLUTE
    ../clib/armsys.c                         0x00000000   Number         0  argv_veneer.o ABSOLUTE
    ../clib/armsys.c                         0x00000000   Number         0  _get_argv_nomalloc.o ABSOLUTE
    ../clib/armsys.c                         0x00000000   Number         0  argv_veneer.o ABSOLUTE
    ../clib/armsys.c                         0x00000000   Number         0  no_argv.o ABSOLUTE
    ../clib/heapalloc.c                      0x00000000   Number         0  hrguard.o ABSOLUTE
    ../clib/heapaux.c                        0x00000000   Number         0  heapauxi.o ABSOLUTE
    ../clib/libinit.s                        0x00000000   Number         0  libshutdown2.o ABSOLUTE
    ../clib/libinit.s                        0x00000000   Number         0  libinit2.o ABSOLUTE
    ../clib/libinit.s                        0x00000000   Number         0  libinit.o ABSOLUTE
    ../clib/libinit.s                        0x00000000   Number         0  libshutdown.o ABSOLUTE
    ../clib/signal.c                         0x00000000   Number         0  defsig_fpe_inner.o ABSOLUTE
    ../clib/signal.c                         0x00000000   Number         0  defsig_abrt_inner.o ABSOLUTE
    ../clib/signal.c                         0x00000000   Number         0  defsig_rtmem_formal.o ABSOLUTE
    ../clib/signal.c                         0x00000000   Number         0  defsig_general.o ABSOLUTE
    ../clib/signal.c                         0x00000000   Number         0  __raise.o ABSOLUTE
    ../clib/signal.c                         0x00000000   Number         0  defsig_rtmem_inner.o ABSOLUTE
    ../clib/signal.c                         0x00000000   Number         0  defsig_exit.o ABSOLUTE
    ../clib/signal.c                         0x00000000   Number         0  defsig_pvfn_inner.o ABSOLUTE
    ../clib/signal.c                         0x00000000   Number         0  defsig_rtred_inner.o ABSOLUTE
    ../clib/signal.c                         0x00000000   Number         0  defsig_stak_inner.o ABSOLUTE
    ../clib/signal.c                         0x00000000   Number         0  defsig_cppl_inner.o ABSOLUTE
    ../clib/signal.c                         0x00000000   Number         0  defsig_segv_inner.o ABSOLUTE
    ../clib/signal.c                         0x00000000   Number         0  defsig_rtmem_outer.o ABSOLUTE
    ../clib/signal.c                         0x00000000   Number         0  defsig_other.o ABSOLUTE
    ../clib/signal.s                         0x00000000   Number         0  defsig.o ABSOLUTE
    ../clib/stdlib.c                         0x00000000   Number         0  exit.o ABSOLUTE
    ../fplib/fpinit.s                        0x00000000   Number         0  fpinit.o ABSOLUTE
    DAC.cpp                                  0x00000000   Number         0  dac.o ABSOLUTE
    I2C3.cpp                                 0x00000000   Number         0  i2c3.o ABSOLUTE
    SSD1306.cpp                              0x00000000   Number         0  ssd1306.o ABSOLUTE
    SlidePot.cpp                             0x00000000   Number         0  slidepot.o ABSOLUTE
    Sound.cpp                                0x00000000   Number         0  sound.o ABSOLUTE
    Switch.cpp                               0x00000000   Number         0  switch.o ABSOLUTE
    TExaS.cpp                                0x00000000   Number         0  texas.o ABSOLUTE
    Timer0.cpp                               0x00000000   Number         0  timer0.o ABSOLUTE
    Timer1.cpp                               0x00000000   Number         0  timer1.o ABSOLUTE
    Timer2.cpp                               0x00000000   Number         0  timer2.o ABSOLUTE
    dc.s                                     0x00000000   Number         0  dc.o ABSOLUTE
    main.cpp                                 0x00000000   Number         0  main.o ABSOLUTE
    random.cpp                               0x00000000   Number         0  random.o ABSOLUTE
    startup_TM4C123.s                        0x00000000   Number         0  startup_tm4c123.o ABSOLUTE
    !!!main                                  0x0000026c   Section        8  __main.o(!!!main)
    !!!scatter                               0x00000274   Section       52  __scatter.o(!!!scatter)
    !!handler_copy                           0x000002a8   Section       26  __scatter_copy.o(!!handler_copy)
    !!handler_zi                             0x000002c4   Section       28  __scatter_zi.o(!!handler_zi)
    .ARM.Collect$$libinit$$00000000          0x000002e0   Section        2  libinit.o(.ARM.Collect$$libinit$$00000000)
    .ARM.Collect$$libinit$$00000002          0x000002e2   Section        0  libinit2.o(.ARM.Collect$$libinit$$00000002)
    .ARM.Collect$$libinit$$00000004          0x000002e2   Section        0  libinit2.o(.ARM.Collect$$libinit$$00000004)
    .ARM.Collect$$libinit$$0000000A          0x000002e2   Section        0  libinit2.o(.ARM.Collect$$libinit$$0000000A)
    .ARM.Collect$$libinit$$0000000C          0x000002e2   Section        0  libinit2.o(.ARM.Collect$$libinit$$0000000C)
    .ARM.Collect$$libinit$$0000000E          0x000002e2   Section        0  libinit2.o(.ARM.Collect$$libinit$$0000000E)
    .ARM.Collect$$libinit$$00000011          0x000002e2   Section        0  libinit2.o(.ARM.Collect$$libinit$$00000011)
    .ARM.Collect$$libinit$$00000013          0x000002e2   Section        0  libinit2.o(.ARM.Collect$$libinit$$00000013)
    .ARM.Collect$$libinit$$00000015          0x000002e2   Section        0  libinit2.o(.ARM.Collect$$libinit$$00000015)
    .ARM.Collect$$libinit$$00000017          0x000002e2   Section        0  libinit2.o(.ARM.Collect$$libinit$$00000017)
    .ARM.Collect$$libinit$$00000019          0x000002e2   Section        0  libinit2.o(.ARM.Collect$$libinit$$00000019)
    .ARM.Collect$$libinit$$0000001B          0x000002e2   Section        0  libinit2.o(.ARM.Collect$$libinit$$0000001B)
    .ARM.Collect$$libinit$$0000001D          0x000002e2   Section        0  libinit2.o(.ARM.Collect$$libinit$$0000001D)
    .ARM.Collect$$libinit$$0000001F          0x000002e2   Section        0  libinit2.o(.ARM.Collect$$libinit$$0000001F)
    .ARM.Collect$$libinit$$00000021          0x000002e2   Section        0  libinit2.o(.ARM.Collect$$libinit$$00000021)
    .ARM.Collect$$libinit$$00000023          0x000002e2   Section        0  libinit2.o(.ARM.Collect$$libinit$$00000023)
    .ARM.Collect$$libinit$$00000025          0x000002e2   Section        0  libinit2.o(.ARM.Collect$$libinit$$00000025)
    .ARM.Collect$$libinit$$0000002C          0x000002e2   Section        0  libinit2.o(.ARM.Collect$$libinit$$0000002C)
    .ARM.Collect$$libinit$$0000002E          0x000002e2   Section        0  libinit2.o(.ARM.Collect$$libinit$$0000002E)
    .ARM.Collect$$libinit$$00000030          0x000002e2   Section        0  libinit2.o(.ARM.Collect$$libinit$$00000030)
    .ARM.Collect$$libinit$$00000032          0x000002e2   Section        0  libinit2.o(.ARM.Collect$$libinit$$00000032)
    .ARM.Collect$$libinit$$00000033          0x000002e2   Section        2  libinit2.o(.ARM.Collect$$libinit$$00000033)
    .ARM.Collect$$libshutdown$$00000000      0x000002e4   Section        2  libshutdown.o(.ARM.Collect$$libshutdown$$00000000)
    .ARM.Collect$$libshutdown$$00000002      0x000002e6   Section        0  libshutdown2.o(.ARM.Collect$$libshutdown$$00000002)
    .ARM.Collect$$libshutdown$$00000004      0x000002e6   Section        0  libshutdown2.o(.ARM.Collect$$libshutdown$$00000004)
    .ARM.Collect$$libshutdown$$00000006      0x000002e6   Section        0  libshutdown2.o(.ARM.Collect$$libshutdown$$00000006)
    .ARM.Collect$$libshutdown$$00000009      0x000002e6   Section        0  libshutdown2.o(.ARM.Collect$$libshutdown$$00000009)
    .ARM.Collect$$libshutdown$$0000000C      0x000002e6   Section        0  libshutdown2.o(.ARM.Collect$$libshutdown$$0000000C)
    .ARM.Collect$$libshutdown$$0000000E      0x000002e6   Section        0  libshutdown2.o(.ARM.Collect$$libshutdown$$0000000E)
    .ARM.Collect$$libshutdown$$00000011      0x000002e6   Section        0  libshutdown2.o(.ARM.Collect$$libshutdown$$00000011)
    .ARM.Collect$$libshutdown$$00000012      0x000002e6   Section        2  libshutdown2.o(.ARM.Collect$$libshutdown$$00000012)
    .ARM.Collect$$rtentry$$00000000          0x000002e8   Section        0  __rtentry.o(.ARM.Collect$$rtentry$$00000000)
    .ARM.Collect$$rtentry$$00000002          0x000002e8   Section        0  __rtentry2.o(.ARM.Collect$$rtentry$$00000002)
    .ARM.Collect$$rtentry$$00000004          0x000002e8   Section        6  __rtentry4.o(.ARM.Collect$$rtentry$$00000004)
    .ARM.Collect$$rtentry$$00000009          0x000002ee   Section        0  __rtentry2.o(.ARM.Collect$$rtentry$$00000009)
    .ARM.Collect$$rtentry$$0000000A          0x000002ee   Section        4  __rtentry2.o(.ARM.Collect$$rtentry$$0000000A)
    .ARM.Collect$$rtentry$$0000000C          0x000002f2   Section        0  __rtentry2.o(.ARM.Collect$$rtentry$$0000000C)
    .ARM.Collect$$rtentry$$0000000D          0x000002f2   Section        8  __rtentry2.o(.ARM.Collect$$rtentry$$0000000D)
    .ARM.Collect$$rtexit$$00000000           0x000002fa   Section        2  rtexit.o(.ARM.Collect$$rtexit$$00000000)
    .ARM.Collect$$rtexit$$00000002           0x000002fc   Section        0  rtexit2.o(.ARM.Collect$$rtexit$$00000002)
    .ARM.Collect$$rtexit$$00000003           0x000002fc   Section        4  rtexit2.o(.ARM.Collect$$rtexit$$00000003)
    .ARM.Collect$$rtexit$$00000004           0x00000300   Section        6  rtexit2.o(.ARM.Collect$$rtexit$$00000004)
    .text                                    0x00000308   Section      296  startup_tm4c123.o(.text)
    .text                                    0x00000430   Section        0  main.o(.text)
    .text                                    0x00000c04   Section        0  dac.o(.text)
    .text                                    0x00000c50   Section        0  random.o(.text)
    .text                                    0x00000c90   Section        0  slidepot.o(.text)
    .text                                    0x00000e0c   Section        0  sound.o(.text)
    .text                                    0x00000ec0   Section        0  timer0.o(.text)
    .text                                    0x00000f30   Section        0  timer1.o(.text)
    .text                                    0x00000fa0   Section        0  i2c3.o(.text)
    .text                                    0x00001558   Section        0  ssd1306.o(.text)
    .text                                    0x00002734   Section        0  texas.o(.text)
    .text                                    0x000029b8   Section        0  timer2.o(.text)
    .text                                    0x00002a28   Section        0  switch.o(.text)
    .text                                    0x00002ad4   Section        0  heapauxi.o(.text)
    .text                                    0x00002ada   Section       74  sys_stackheap_outer.o(.text)
    .text                                    0x00002b24   Section        0  exit.o(.text)
    .text                                    0x00002b38   Section        8  libspace.o(.text)
    .text                                    0x00002b40   Section        0  sys_exit.o(.text)
    .text                                    0x00002b4c   Section        2  use_no_semi.o(.text)
    .constdata                               0x00002b4e   Section     4452  main.o(.constdata)
    .text                                    0x00002b4e   Section        0  indicate_semi.o(.text)
    Alien10pointA                            0x00002b4e   Data         183  main.o(.constdata)
    Laser0                                   0x00002c05   Data         143  main.o(.constdata)
    PlayerShip0                              0x00002c94   Data         167  main.o(.constdata)
    SpaceInvadersMarquee                     0x00002d3b   Data        3959  main.o(.constdata)
    .constdata                               0x00003cb2   Section     7457  sound.o(.constdata)
    shoot                                    0x00003cb2   Data        4080  sound.o(.constdata)
    invaderkilled                            0x00004ca2   Data        3377  sound.o(.constdata)
    .constdata                               0x000059d3   Section     1413  ssd1306.o(.constdata)
    ASCII                                    0x000059d3   Data        1344  ssd1306.o(.constdata)
    init1                                    0x00005f13   Data           5  ssd1306.o(.constdata)
    init2                                    0x00005f18   Data           5  ssd1306.o(.constdata)
    init3                                    0x00005f1d   Data           5  ssd1306.o(.constdata)
    init4b                                   0x00005f22   Data           4  ssd1306.o(.constdata)
    init5                                    0x00005f26   Data           7  ssd1306.o(.constdata)
    premask                                  0x00005f2d   Data           8  ssd1306.o(.constdata)
    postmask                                 0x00005f35   Data           8  ssd1306.o(.constdata)
    dlist1                                   0x00005f3d   Data           5  ssd1306.o(.constdata)
    scrollList1a                             0x00005f42   Data           2  ssd1306.o(.constdata)
    scrollList1b                             0x00005f44   Data           3  ssd1306.o(.constdata)
    scrollList2a                             0x00005f47   Data           2  ssd1306.o(.constdata)
    scrollList2b                             0x00005f49   Data           3  ssd1306.o(.constdata)
    scrollList3a                             0x00005f4c   Data           2  ssd1306.o(.constdata)
    scrollList3b                             0x00005f4e   Data           2  ssd1306.o(.constdata)
    scrollList3c                             0x00005f50   Data           2  ssd1306.o(.constdata)
    scrollList4a                             0x00005f52   Data           2  ssd1306.o(.constdata)
    scrollList4b                             0x00005f54   Data           2  ssd1306.o(.constdata)
    scrollList4c                             0x00005f56   Data           2  ssd1306.o(.constdata)
    .data                                    0x20000000   Section       12  main.o(.data)
    last                                     0x20000008   Data           4  main.o(.data)
    .data                                    0x2000000c   Section        4  random.o(.data)
    M                                        0x2000000c   Data           4  random.o(.data)
    .data                                    0x20000010   Section        4  slidepot.o(.data)
    .data                                    0x20000014   Section        8  sound.o(.data)
    .data                                    0x2000001c   Section        4  timer0.o(.data)
    .data                                    0x20000020   Section        4  timer1.o(.data)
    .data                                    0x20000024   Section       42  ssd1306.o(.data)
    DeltaX                                   0x2000002c   Data           4  ssd1306.o(.data)
    MaxX                                     0x20000030   Data           4  ssd1306.o(.data)
    MinX                                     0x20000034   Data           4  ssd1306.o(.data)
    DeltaY                                   0x20000038   Data           4  ssd1306.o(.data)
    MaxY                                     0x2000003c   Data           4  ssd1306.o(.data)
    MinY                                     0x20000040   Data           4  ssd1306.o(.data)
    PlotColor                                0x20000044   Data           2  ssd1306.o(.data)
    .data                                    0x20000050   Section        4  texas.o(.data)
    .data                                    0x20000054   Section        4  timer2.o(.data)
    .bss                                     0x20000058   Section     1224  main.o(.bss)
    .bss                                     0x20000520   Section     1024  ssd1306.o(.bss)
    .bss                                     0x20000920   Section       96  libspace.o(.bss)
    HEAP                                     0x20000980   Section     1024  startup_tm4c123.o(HEAP)
    Heap_Mem                                 0x20000980   Data        1024  startup_tm4c123.o(HEAP)
    STACK                                    0x20000d80   Section     1024  startup_tm4c123.o(STACK)
    Stack_Mem                                0x20000d80   Data        1024  startup_tm4c123.o(STACK)
    __initial_sp                             0x20001180   Data           0  startup_tm4c123.o(STACK)

    Global Symbols

    Symbol Name                              Value     Ov Type        Size  Object(Section)

    BuildAttributes$$THM_ISAv4$E$P$D$K$B$S$7EM$PE$A:L22UL41UL21$X:L11$S22US41US21$IEEE1$IW$USESV6$~STKCKD$USESV7$~SHL$OSPACE$ROPI$EBA8$UX$STANDARDLIB$REQ8$PRES8$EABIv2 0x00000000   Number         0  anon$$obj.o ABSOLUTE
    __ARM_use_no_argv                        0x00000000   Number         0  main.o ABSOLUTE
    __Vectors                                0x00000000   Data           4  startup_tm4c123.o(RESET)
    __ARM_exceptions_init                     - Undefined Weak Reference
    __alloca_initialize                       - Undefined Weak Reference
    __arm_fini_                               - Undefined Weak Reference
    __arm_preinit_                            - Undefined Weak Reference
    __cpp_initialize__aeabi_                  - Undefined Weak Reference
    __cxa_finalize                            - Undefined Weak Reference
    __rt_locale                               - Undefined Weak Reference
    __sigvec_lookup                           - Undefined Weak Reference
    _atexit_init                              - Undefined Weak Reference
    _call_atexit_fns                          - Undefined Weak Reference
    _clock_init                               - Undefined Weak Reference
    _fp_trap_init                             - Undefined Weak Reference
    _fp_trap_shutdown                         - Undefined Weak Reference
    _get_lc_collate                           - Undefined Weak Reference
    _get_lc_ctype                             - Undefined Weak Reference
    _get_lc_monetary                          - Undefined Weak Reference
    _get_lc_numeric                           - Undefined Weak Reference
    _get_lc_time                              - Undefined Weak Reference
    _getenv_init                              - Undefined Weak Reference
    _handle_redirection                       - Undefined Weak Reference
    _init_alloc                               - Undefined Weak Reference
    _init_user_alloc                          - Undefined Weak Reference
    _initio                                   - Undefined Weak Reference
    _rand_init                                - Undefined Weak Reference
    _signal_finish                            - Undefined Weak Reference
    _signal_init                              - Undefined Weak Reference
    _terminate_alloc                          - Undefined Weak Reference
    _terminate_user_alloc                     - Undefined Weak Reference
    _terminateio                              - Undefined Weak Reference
    __Vectors_End                            0x0000026c   Data           0  startup_tm4c123.o(RESET)
    __Vectors_Size                           0x0000026c   Number         0  startup_tm4c123.o ABSOLUTE
    __main                                   0x0000026d   Thumb Code     8  __main.o(!!!main)
    __scatterload                            0x00000275   Thumb Code     0  __scatter.o(!!!scatter)
    __scatterload_rt2                        0x00000275   Thumb Code    44  __scatter.o(!!!scatter)
    __scatterload_rt2_thumb_only             0x00000275   Thumb Code     0  __scatter.o(!!!scatter)
    __scatterload_null                       0x00000283   Thumb Code     0  __scatter.o(!!!scatter)
    __scatterload_copy                       0x000002a9   Thumb Code    26  __scatter_copy.o(!!handler_copy)
    __scatterload_zeroinit                   0x000002c5   Thumb Code    28  __scatter_zi.o(!!handler_zi)
    __rt_lib_init                            0x000002e1   Thumb Code     0  libinit.o(.ARM.Collect$$libinit$$00000000)
    __rt_lib_init_alloca_1                   0x000002e3   Thumb Code     0  libinit2.o(.ARM.Collect$$libinit$$0000002E)
    __rt_lib_init_argv_1                     0x000002e3   Thumb Code     0  libinit2.o(.ARM.Collect$$libinit$$0000002C)
    __rt_lib_init_atexit_1                   0x000002e3   Thumb Code     0  libinit2.o(.ARM.Collect$$libinit$$0000001B)
    __rt_lib_init_clock_1                    0x000002e3   Thumb Code     0  libinit2.o(.ARM.Collect$$libinit$$00000021)
    __rt_lib_init_cpp_1                      0x000002e3   Thumb Code     0  libinit2.o(.ARM.Collect$$libinit$$00000032)
    __rt_lib_init_exceptions_1               0x000002e3   Thumb Code     0  libinit2.o(.ARM.Collect$$libinit$$00000030)
    __rt_lib_init_fp_1                       0x000002e3   Thumb Code     0  libinit2.o(.ARM.Collect$$libinit$$00000002)
    __rt_lib_init_fp_trap_1                  0x000002e3   Thumb Code     0  libinit2.o(.ARM.Collect$$libinit$$0000001F)
    __rt_lib_init_getenv_1                   0x000002e3   Thumb Code     0  libinit2.o(.ARM.Collect$$libinit$$00000023)
    __rt_lib_init_heap_1                     0x000002e3   Thumb Code     0  libinit2.o(.ARM.Collect$$libinit$$0000000A)
    __rt_lib_init_lc_collate_1               0x000002e3   Thumb Code     0  libinit2.o(.ARM.Collect$$libinit$$00000011)
    __rt_lib_init_lc_ctype_1                 0x000002e3   Thumb Code     0  libinit2.o(.ARM.Collect$$libinit$$00000013)
    __rt_lib_init_lc_monetary_1              0x000002e3   Thumb Code     0  libinit2.o(.ARM.Collect$$libinit$$00000015)
    __rt_lib_init_lc_numeric_1               0x000002e3   Thumb Code     0  libinit2.o(.ARM.Collect$$libinit$$00000017)
    __rt_lib_init_lc_time_1                  0x000002e3   Thumb Code     0  libinit2.o(.ARM.Collect$$libinit$$00000019)
    __rt_lib_init_preinit_1                  0x000002e3   Thumb Code     0  libinit2.o(.ARM.Collect$$libinit$$00000004)
    __rt_lib_init_rand_1                     0x000002e3   Thumb Code     0  libinit2.o(.ARM.Collect$$libinit$$0000000E)
    __rt_lib_init_return                     0x000002e3   Thumb Code     0  libinit2.o(.ARM.Collect$$libinit$$00000033)
    __rt_lib_init_signal_1                   0x000002e3   Thumb Code     0  libinit2.o(.ARM.Collect$$libinit$$0000001D)
    __rt_lib_init_stdio_1                    0x000002e3   Thumb Code     0  libinit2.o(.ARM.Collect$$libinit$$00000025)
    __rt_lib_init_user_alloc_1               0x000002e3   Thumb Code     0  libinit2.o(.ARM.Collect$$libinit$$0000000C)
    __rt_lib_shutdown                        0x000002e5   Thumb Code     0  libshutdown.o(.ARM.Collect$$libshutdown$$00000000)
    __rt_lib_shutdown_cpp_1                  0x000002e7   Thumb Code     0  libshutdown2.o(.ARM.Collect$$libshutdown$$00000004)
    __rt_lib_shutdown_fini_1                 0x000002e7   Thumb Code     0  libshutdown2.o(.ARM.Collect$$libshutdown$$00000002)
    __rt_lib_shutdown_fp_trap_1              0x000002e7   Thumb Code     0  libshutdown2.o(.ARM.Collect$$libshutdown$$00000009)
    __rt_lib_shutdown_heap_1                 0x000002e7   Thumb Code     0  libshutdown2.o(.ARM.Collect$$libshutdown$$00000011)
    __rt_lib_shutdown_return                 0x000002e7   Thumb Code     0  libshutdown2.o(.ARM.Collect$$libshutdown$$00000012)
    __rt_lib_shutdown_signal_1               0x000002e7   Thumb Code     0  libshutdown2.o(.ARM.Collect$$libshutdown$$0000000C)
    __rt_lib_shutdown_stdio_1                0x000002e7   Thumb Code     0  libshutdown2.o(.ARM.Collect$$libshutdown$$00000006)
    __rt_lib_shutdown_user_alloc_1           0x000002e7   Thumb Code     0  libshutdown2.o(.ARM.Collect$$libshutdown$$0000000E)
    __rt_entry                               0x000002e9   Thumb Code     0  __rtentry.o(.ARM.Collect$$rtentry$$00000000)
    __rt_entry_presh_1                       0x000002e9   Thumb Code     0  __rtentry2.o(.ARM.Collect$$rtentry$$00000002)
    __rt_entry_sh                            0x000002e9   Thumb Code     0  __rtentry4.o(.ARM.Collect$$rtentry$$00000004)
    __rt_entry_li                            0x000002ef   Thumb Code     0  __rtentry2.o(.ARM.Collect$$rtentry$$0000000A)
    __rt_entry_postsh_1                      0x000002ef   Thumb Code     0  __rtentry2.o(.ARM.Collect$$rtentry$$00000009)
    __rt_entry_main                          0x000002f3   Thumb Code     0  __rtentry2.o(.ARM.Collect$$rtentry$$0000000D)
    __rt_entry_postli_1                      0x000002f3   Thumb Code     0  __rtentry2.o(.ARM.Collect$$rtentry$$0000000C)
    __rt_exit                                0x000002fb   Thumb Code     0  rtexit.o(.ARM.Collect$$rtexit$$00000000)
    __rt_exit_ls                             0x000002fd   Thumb Code     0  rtexit2.o(.ARM.Collect$$rtexit$$00000003)
    __rt_exit_prels_1                        0x000002fd   Thumb Code     0  rtexit2.o(.ARM.Collect$$rtexit$$00000002)
    __rt_exit_exit                           0x00000301   Thumb Code     0  rtexit2.o(.ARM.Collect$$rtexit$$00000004)
    Reset_Handler                            0x00000309   Thumb Code     4  startup_tm4c123.o(.text)
    DisableInterrupts                        0x0000030d   Thumb Code     4  startup_tm4c123.o(.text)
    EnableInterrupts                         0x00000311   Thumb Code     4  startup_tm4c123.o(.text)
    StartCritical                            0x00000315   Thumb Code     8  startup_tm4c123.o(.text)
    EndCritical                              0x0000031d   Thumb Code     6  startup_tm4c123.o(.text)
    WaitForInterrupt                         0x00000323   Thumb Code     4  startup_tm4c123.o(.text)
    NMI_Handler                              0x00000327   Thumb Code     2  startup_tm4c123.o(.text)
    HardFault_Handler                        0x00000329   Thumb Code     2  startup_tm4c123.o(.text)
    MemManage_Handler                        0x0000032b   Thumb Code     2  startup_tm4c123.o(.text)
    BusFault_Handler                         0x0000032d   Thumb Code     2  startup_tm4c123.o(.text)
    UsageFault_Handler                       0x0000032f   Thumb Code     2  startup_tm4c123.o(.text)
    SVC_Handler                              0x00000331   Thumb Code     2  startup_tm4c123.o(.text)
    DebugMon_Handler                         0x00000333   Thumb Code     2  startup_tm4c123.o(.text)
    PendSV_Handler                           0x00000335   Thumb Code     2  startup_tm4c123.o(.text)
    GPIOA_Handler                            0x00000339   Thumb Code     2  startup_tm4c123.o(.text)
    GPIOB_Handler                            0x0000033b   Thumb Code     2  startup_tm4c123.o(.text)
    GPIOC_Handler                            0x0000033d   Thumb Code     2  startup_tm4c123.o(.text)
    GPIOD_Handler                            0x0000033f   Thumb Code     2  startup_tm4c123.o(.text)
    GPIOE_Handler                            0x00000341   Thumb Code     2  startup_tm4c123.o(.text)
    UART0_Handler                            0x00000343   Thumb Code     2  startup_tm4c123.o(.text)
    UART1_Handler                            0x00000345   Thumb Code     2  startup_tm4c123.o(.text)
    SSI0_Handler                             0x00000347   Thumb Code     2  startup_tm4c123.o(.text)
    I2C0_Handler                             0x00000349   Thumb Code     2  startup_tm4c123.o(.text)
    PMW0_FAULT_Handler                       0x0000034b   Thumb Code     2  startup_tm4c123.o(.text)
    PWM0_0_Handler                           0x0000034d   Thumb Code     2  startup_tm4c123.o(.text)
    PWM0_1_Handler                           0x0000034f   Thumb Code     2  startup_tm4c123.o(.text)
    PWM0_2_Handler                           0x00000351   Thumb Code     2  startup_tm4c123.o(.text)
    QEI0_Handler                             0x00000353   Thumb Code     2  startup_tm4c123.o(.text)
    ADC0SS0_Handler                          0x00000355   Thumb Code     2  startup_tm4c123.o(.text)
    ADC0SS1_Handler                          0x00000357   Thumb Code     2  startup_tm4c123.o(.text)
    ADC0SS2_Handler                          0x00000359   Thumb Code     2  startup_tm4c123.o(.text)
    ADC0SS3_Handler                          0x0000035b   Thumb Code     2  startup_tm4c123.o(.text)
    WDT0_Handler                             0x0000035d   Thumb Code     2  startup_tm4c123.o(.text)
    TIMER0B_Handler                          0x00000361   Thumb Code     2  startup_tm4c123.o(.text)
    TIMER1B_Handler                          0x00000365   Thumb Code     2  startup_tm4c123.o(.text)
    TIMER2B_Handler                          0x00000369   Thumb Code     2  startup_tm4c123.o(.text)
    COMP0_Handler                            0x0000036b   Thumb Code     2  startup_tm4c123.o(.text)
    COMP1_Handler                            0x0000036d   Thumb Code     2  startup_tm4c123.o(.text)
    COMP2_Handler                            0x0000036f   Thumb Code     2  startup_tm4c123.o(.text)
    SYSCTL_Handler                           0x00000371   Thumb Code     2  startup_tm4c123.o(.text)
    FLASH_Handler                            0x00000373   Thumb Code     2  startup_tm4c123.o(.text)
    GPIOF_Handler                            0x00000375   Thumb Code     2  startup_tm4c123.o(.text)
    GPIOG_Handler                            0x00000377   Thumb Code     2  startup_tm4c123.o(.text)
    GPIOH_Handler                            0x00000379   Thumb Code     2  startup_tm4c123.o(.text)
    UART2_Handler                            0x0000037b   Thumb Code     2  startup_tm4c123.o(.text)
    SSI1_Handler                             0x0000037d   Thumb Code     2  startup_tm4c123.o(.text)
    TIMER3A_Handler                          0x0000037f   Thumb Code     2  startup_tm4c123.o(.text)
    TIMER3B_Handler                          0x00000381   Thumb Code     2  startup_tm4c123.o(.text)
    I2C1_Handler                             0x00000383   Thumb Code     2  startup_tm4c123.o(.text)
    QEI1_Handler                             0x00000385   Thumb Code     2  startup_tm4c123.o(.text)
    CAN0_Handler                             0x00000387   Thumb Code     2  startup_tm4c123.o(.text)
    CAN1_Handler                             0x00000389   Thumb Code     2  startup_tm4c123.o(.text)
    CAN2_Handler                             0x0000038b   Thumb Code     2  startup_tm4c123.o(.text)
    HIB_Handler                              0x0000038d   Thumb Code     2  startup_tm4c123.o(.text)
    USB0_Handler                             0x0000038f   Thumb Code     2  startup_tm4c123.o(.text)
    PWM0_3_Handler                           0x00000391   Thumb Code     2  startup_tm4c123.o(.text)
    UDMA_Handler                             0x00000393   Thumb Code     2  startup_tm4c123.o(.text)
    UDMAERR_Handler                          0x00000395   Thumb Code     2  startup_tm4c123.o(.text)
    ADC1SS0_Handler                          0x00000397   Thumb Code     2  startup_tm4c123.o(.text)
    ADC1SS1_Handler                          0x00000399   Thumb Code     2  startup_tm4c123.o(.text)
    ADC1SS2_Handler                          0x0000039b   Thumb Code     2  startup_tm4c123.o(.text)
    ADC1SS3_Handler                          0x0000039d   Thumb Code     2  startup_tm4c123.o(.text)
    GPIOJ_Handler                            0x0000039f   Thumb Code     2  startup_tm4c123.o(.text)
    GPIOK_Handler                            0x000003a1   Thumb Code     2  startup_tm4c123.o(.text)
    GPIOL_Handler                            0x000003a3   Thumb Code     2  startup_tm4c123.o(.text)
    SSI2_Handler                             0x000003a5   Thumb Code     2  startup_tm4c123.o(.text)
    SSI3_Handler                             0x000003a7   Thumb Code     2  startup_tm4c123.o(.text)
    UART3_Handler                            0x000003a9   Thumb Code     2  startup_tm4c123.o(.text)
    UART4_Handler                            0x000003ab   Thumb Code     2  startup_tm4c123.o(.text)
    UART5_Handler                            0x000003ad   Thumb Code     2  startup_tm4c123.o(.text)
    UART6_Handler                            0x000003af   Thumb Code     2  startup_tm4c123.o(.text)
    UART7_Handler                            0x000003b1   Thumb Code     2  startup_tm4c123.o(.text)
    I2C2_Handler                             0x000003b3   Thumb Code     2  startup_tm4c123.o(.text)
    I2C3_Handler                             0x000003b5   Thumb Code     2  startup_tm4c123.o(.text)
    TIMER4A_Handler                          0x000003b7   Thumb Code     2  startup_tm4c123.o(.text)
    TIMER4B_Handler                          0x000003b9   Thumb Code     2  startup_tm4c123.o(.text)
    TIMER5B_Handler                          0x000003bd   Thumb Code     2  startup_tm4c123.o(.text)
    WTIMER0A_Handler                         0x000003bf   Thumb Code     2  startup_tm4c123.o(.text)
    WTIMER0B_Handler                         0x000003c1   Thumb Code     2  startup_tm4c123.o(.text)
    WTIMER1A_Handler                         0x000003c3   Thumb Code     2  startup_tm4c123.o(.text)
    WTIMER1B_Handler                         0x000003c5   Thumb Code     2  startup_tm4c123.o(.text)
    WTIMER2A_Handler                         0x000003c7   Thumb Code     2  startup_tm4c123.o(.text)
    WTIMER2B_Handler                         0x000003c9   Thumb Code     2  startup_tm4c123.o(.text)
    WTIMER3A_Handler                         0x000003cb   Thumb Code     2  startup_tm4c123.o(.text)
    WTIMER3B_Handler                         0x000003cd   Thumb Code     2  startup_tm4c123.o(.text)
    WTIMER4A_Handler                         0x000003cf   Thumb Code     2  startup_tm4c123.o(.text)
    WTIMER4B_Handler                         0x000003d1   Thumb Code     2  startup_tm4c123.o(.text)
    WTIMER5A_Handler                         0x000003d3   Thumb Code     2  startup_tm4c123.o(.text)
    WTIMER5B_Handler                         0x000003d5   Thumb Code     2  startup_tm4c123.o(.text)
    FPU_Handler                              0x000003d7   Thumb Code     2  startup_tm4c123.o(.text)
    I2C4_Handler                             0x000003d9   Thumb Code     2  startup_tm4c123.o(.text)
    I2C5_Handler                             0x000003db   Thumb Code     2  startup_tm4c123.o(.text)
    GPIOM_Handler                            0x000003dd   Thumb Code     2  startup_tm4c123.o(.text)
    GPION_Handler                            0x000003df   Thumb Code     2  startup_tm4c123.o(.text)
    QEI2_Handler                             0x000003e1   Thumb Code     2  startup_tm4c123.o(.text)
    GPIOP0_Handler                           0x000003e3   Thumb Code     2  startup_tm4c123.o(.text)
    GPIOP1_Handler                           0x000003e5   Thumb Code     2  startup_tm4c123.o(.text)
    GPIOP2_Handler                           0x000003e7   Thumb Code     2  startup_tm4c123.o(.text)
    GPIOP3_Handler                           0x000003e9   Thumb Code     2  startup_tm4c123.o(.text)
    GPIOP4_Handler                           0x000003eb   Thumb Code     2  startup_tm4c123.o(.text)
    GPIOP5_Handler                           0x000003ed   Thumb Code     2  startup_tm4c123.o(.text)
    GPIOP6_Handler                           0x000003ef   Thumb Code     2  startup_tm4c123.o(.text)
    GPIOP7_Handler                           0x000003f1   Thumb Code     2  startup_tm4c123.o(.text)
    GPIOQ0_Handler                           0x000003f3   Thumb Code     2  startup_tm4c123.o(.text)
    GPIOQ1_Handler                           0x000003f5   Thumb Code     2  startup_tm4c123.o(.text)
    GPIOQ2_Handler                           0x000003f7   Thumb Code     2  startup_tm4c123.o(.text)
    GPIOQ3_Handler                           0x000003f9   Thumb Code     2  startup_tm4c123.o(.text)
    GPIOQ4_Handler                           0x000003fb   Thumb Code     2  startup_tm4c123.o(.text)
    GPIOQ5_Handler                           0x000003fd   Thumb Code     2  startup_tm4c123.o(.text)
    GPIOQ6_Handler                           0x000003ff   Thumb Code     2  startup_tm4c123.o(.text)
    GPIOQ7_Handler                           0x00000401   Thumb Code     2  startup_tm4c123.o(.text)
    GPIOR_Handler                            0x00000403   Thumb Code     2  startup_tm4c123.o(.text)
    GPIOS_Handler                            0x00000405   Thumb Code     2  startup_tm4c123.o(.text)
    PMW1_0_Handler                           0x00000407   Thumb Code     2  startup_tm4c123.o(.text)
    PWM1_1_Handler                           0x00000409   Thumb Code     2  startup_tm4c123.o(.text)
    PWM1_2_Handler                           0x0000040b   Thumb Code     2  startup_tm4c123.o(.text)
    PWM1_3_Handler                           0x0000040d   Thumb Code     2  startup_tm4c123.o(.text)
    PWM1_FAULT_Handler                       0x0000040f   Thumb Code     2  startup_tm4c123.o(.text)
    __user_initial_stackheap                 0x00000411   Thumb Code     0  startup_tm4c123.o(.text)
    LogicAnalyzerTask()                      0x00000431   Thumb Code    20  main.o(.text)
    ScopeTask()                              0x00000445   Thumb Code    12  main.o(.text)
    Profile_Init()                           0x00000451   Thumb Code    76  main.o(.text)
    Init()                                   0x0000049d   Thumb Code   156  main.o(.text)
    abs(int)                                 0x00000539   Thumb Code    14  main.o(.text)
    max(int, int)                            0x00000547   Thumb Code    14  main.o(.text)
    Collisions()                             0x00000555   Thumb Code   186  main.o(.text)
    Move()                                   0x0000060f   Thumb Code   460  main.o(.text)
    Fire(int, int, const unsigned char*)     0x000007db   Thumb Code   190  main.o(.text)
    SysTick_Handler                          0x00000899   Thumb Code    56  main.o(.text)
    Draw()                                   0x000008d1   Thumb Code   176  main.o(.text)
    Language()                               0x00000981   Thumb Code    90  main.o(.text)
    SysTick_Init20Hz()                       0x000009db   Thumb Code    22  main.o(.text)
    Delay100ms(unsigned)                     0x000009f1   Thumb Code    30  main.o(.text)
    main                                     0x00000a0f   Thumb Code   290  main.o(.text)
    DAC_Init()                               0x00000c05   Thumb Code    52  dac.o(.text)
    DAC_Out(unsigned)                        0x00000c39   Thumb Code    12  dac.o(.text)
    Random_Init(unsigned)                    0x00000c51   Thumb Code     6  random.o(.text)
    Random32()                               0x00000c57   Thumb Code    22  random.o(.text)
    Random()                                 0x00000c6d   Thumb Code    24  random.o(.text)
    ADC_Init(unsigned)                       0x00000c91   Thumb Code   248  slidepot.o(.text)
    ADC_In()                                 0x00000d89   Thumb Code    38  slidepot.o(.text)
    SlidePot::SlidePot(unsigned, unsigned)   0x00000daf   Thumb Code     6  slidepot.o(.text)
    SlidePot::SlidePot__sub_object(unsigned, unsigned) 0x00000daf   Thumb Code     0  slidepot.o(.text)
    SlidePot::Convert(unsigned)              0x00000db5   Thumb Code    14  slidepot.o(.text)
    SlidePot::Save(unsigned)                 0x00000dc3   Thumb Code    24  slidepot.o(.text)
    SlidePot::Sync()                         0x00000ddb   Thumb Code    14  slidepot.o(.text)
    SlidePot::ADCsample()                    0x00000de9   Thumb Code     6  slidepot.o(.text)
    SlidePot::Distance()                     0x00000def   Thumb Code     6  slidepot.o(.text)
    SoundTask()                              0x00000e0d   Thumb Code    58  sound.o(.text)
    Sound_Init()                             0x00000e47   Thumb Code    26  sound.o(.text)
    Sound_Play(const unsigned char*, unsigned) 0x00000e61   Thumb Code    20  sound.o(.text)
    Sound_Shoot()                            0x00000e75   Thumb Code    14  sound.o(.text)
    Sound_InvaderKilled()                    0x00000e83   Thumb Code    14  sound.o(.text)
    Sound_Start(unsigned)                    0x00000e91   Thumb Code    28  sound.o(.text)
    Timer0_Init(void(*)(), unsigned)         0x00000ec1   Thumb Code    74  timer0.o(.text)
    TIMER0A_Handler                          0x00000f0b   Thumb Code    16  timer0.o(.text)
    Timer1_Init(void(*)(), unsigned)         0x00000f31   Thumb Code    74  timer1.o(.text)
    TIMER1A_Handler                          0x00000f7b   Thumb Code    16  timer1.o(.text)
    I2C3_Init(unsigned, unsigned)            0x00000fa1   Thumb Code   152  i2c3.o(.text)
    I2C3_Send(unsigned char, unsigned char*, unsigned) 0x00001039   Thumb Code   220  i2c3.o(.text)
    I2C3_Send1(unsigned char, unsigned char) 0x00001115   Thumb Code    54  i2c3.o(.text)
    I2C3_Send2(signed char, unsigned char, unsigned char) 0x0000114b   Thumb Code   106  i2c3.o(.text)
    I2C3_Send4(unsigned char, unsigned char, unsigned char, unsigned char, unsigned char) 0x000011b5   Thumb Code   208  i2c3.o(.text)
    I2C3_Recv1(signed char)                  0x00001285   Thumb Code    82  i2c3.o(.text)
    I2C3_Recv(unsigned char, unsigned char*, unsigned) 0x000012d7   Thumb Code   292  i2c3.o(.text)
    I2C3_Recv2(signed char)                  0x000013fb   Thumb Code   116  i2c3.o(.text)
    I2C3_Recv3(unsigned char, unsigned char*) 0x0000146f   Thumb Code   112  i2c3.o(.text)
    I2C3_SendData(unsigned char, unsigned char*, unsigned) 0x000014df   Thumb Code   118  i2c3.o(.text)
    ssd1306command(unsigned char)            0x00001559   Thumb Code    16  ssd1306.o(.text)
    ssd1306command1(unsigned char)           0x00001569   Thumb Code    16  ssd1306.o(.text)
    ssd1306commandList(const unsigned char*, unsigned) 0x00001579   Thumb Code    18  ssd1306.o(.text)
    Delay1ms(unsigned)                       0x0000158b   Thumb Code    32  ssd1306.o(.text)
    SSD1306_SetCursor(unsigned short, unsigned short) 0x000015ab   Thumb Code    94  ssd1306.o(.text)
    SSD1306_OutBuffer()                      0x00001609   Thumb Code    30  ssd1306.o(.text)
    SSD1306_ClearBuffer()                    0x00001627   Thumb Code    30  ssd1306.o(.text)
    SSD1306_Init(int)                        0x00001645   Thumb Code   158  ssd1306.o(.text)
    SSD1306_DrawPixel(short, short, unsigned short) 0x000016e3   Thumb Code   240  ssd1306.o(.text)
    SSD1306_SetPlot(int, int, int, int, unsigned short) 0x000017d3   Thumb Code    74  ssd1306.o(.text)
    SSD1306_DrawPoint(int, int)              0x0000181d   Thumb Code    96  ssd1306.o(.text)
    SSD1306_DrawChar(short, short, char, unsigned short) 0x0000187d   Thumb Code   100  ssd1306.o(.text)
    SSD1306_DrawString(short, short, char*, unsigned short) 0x000018e1   Thumb Code    38  ssd1306.o(.text)
    SSD1306_OutClear()                       0x00001907   Thumb Code    12  ssd1306.o(.text)
    SSD1306_DrawBMP(unsigned char, unsigned char, const unsigned char*, unsigned char, unsigned short) 0x00001913   Thumb Code   620  ssd1306.o(.text)
    ssd1306drawFastHLineInternal(short, short, short, unsigned short) 0x00001b7f   Thumb Code   160  ssd1306.o(.text)
    ssd1306drawFastVLineInternal(short, short, short, unsigned short) 0x00001c1f   Thumb Code   344  ssd1306.o(.text)
    SSD1306_DrawFastHLine(short, short, short, unsigned short) 0x00001d77   Thumb Code   134  ssd1306.o(.text)
    SSD1306_DrawFastVLine(short, short, short, unsigned short) 0x00001dfd   Thumb Code   134  ssd1306.o(.text)
    SSD1306_GetPixel(short, short)           0x00001e83   Thumb Code   116  ssd1306.o(.text)
    SSD1306_GetBuffer()                      0x00001ef7   Thumb Code     4  ssd1306.o(.text)
    SSD1306_DrawFullImage(const unsigned char*) 0x00001efb   Thumb Code    40  ssd1306.o(.text)
    SSD1306_startscrollright(unsigned char, unsigned char) 0x00001f23   Thumb Code    42  ssd1306.o(.text)
    SSD1306_startscrollleft(unsigned char, unsigned char) 0x00001f4d   Thumb Code    42  ssd1306.o(.text)
    SSD1306_startscrolldiagright(unsigned char, unsigned char) 0x00001f77   Thumb Code    56  ssd1306.o(.text)
    SSD1306_startscrolldiagleft(unsigned char, unsigned char) 0x00001faf   Thumb Code    56  ssd1306.o(.text)
    SSD1306_stopscroll()                     0x00001fe7   Thumb Code    10  ssd1306.o(.text)
    SSD1306_InvertDisplay(int)               0x00001ff1   Thumb Code    20  ssd1306.o(.text)
    SSD1306_Dim(int)                         0x00002005   Thumb Code    40  ssd1306.o(.text)
    SSD1306_OutChar                          0x0000202d   Thumb Code   238  ssd1306.o(.text)
    SSD1306_OutString                        0x0000211b   Thumb Code    22  ssd1306.o(.text)
    SSD1306_OutUDec(unsigned short)          0x00002131   Thumb Code   492  ssd1306.o(.text)
    SSD1306_OutSDec(short)                   0x0000231d   Thumb Code   428  ssd1306.o(.text)
    SSD1306_OutUFix1(unsigned short)         0x000024c9   Thumb Code   108  ssd1306.o(.text)
    SSD1306_OutSFix1(int)                    0x00002535   Thumb Code   212  ssd1306.o(.text)
    SSD1306_OutHex7(unsigned char)           0x00002609   Thumb Code    36  ssd1306.o(.text)
    SSD1306_OutUHex7(unsigned char)          0x0000262d   Thumb Code    34  ssd1306.o(.text)
    SSD1306_OutUDec16(unsigned)              0x0000264f   Thumb Code   144  ssd1306.o(.text)
    SSD1306_OutUDec2(unsigned)               0x000026df   Thumb Code    82  ssd1306.o(.text)
    UART0_Init()                             0x00002735   Thumb Code   152  texas.o(.text)
    ADC1_Init()                              0x000027cd   Thumb Code   180  texas.o(.text)
    PLL_Init()                               0x00002881   Thumb Code   120  texas.o(.text)
    TExaS_Init(void(*)())                    0x000028f9   Thumb Code    96  texas.o(.text)
    TIMER5A_Handler                          0x00002959   Thumb Code    16  texas.o(.text)
    TExaS_Stop()                             0x00002969   Thumb Code    18  texas.o(.text)
    Timer2_Init(void(*)(), unsigned long)    0x000029b9   Thumb Code    74  timer2.o(.text)
    TIMER2A_Handler                          0x00002a03   Thumb Code    16  timer2.o(.text)
    Switch_Init()                            0x00002a29   Thumb Code    52  switch.o(.text)
    Switch_In()                              0x00002a5d   Thumb Code     6  switch.o(.text)
    PauseButton()                            0x00002a63   Thumb Code    88  switch.o(.text)
    __use_two_region_memory                  0x00002ad5   Thumb Code     2  heapauxi.o(.text)
    __rt_heap_escrow$2region                 0x00002ad7   Thumb Code     2  heapauxi.o(.text)
    __rt_heap_expand$2region                 0x00002ad9   Thumb Code     2  heapauxi.o(.text)
    __user_setup_stackheap                   0x00002adb   Thumb Code    74  sys_stackheap_outer.o(.text)
    exit                                     0x00002b25   Thumb Code    18  exit.o(.text)
    __user_libspace                          0x00002b39   Thumb Code     8  libspace.o(.text)
    __user_perproc_libspace                  0x00002b39   Thumb Code     0  libspace.o(.text)
    __user_perthread_libspace                0x00002b39   Thumb Code     0  libspace.o(.text)
    _sys_exit                                0x00002b41   Thumb Code     8  sys_exit.o(.text)
    __I$use$semihosting                      0x00002b4d   Thumb Code     0  use_no_semi.o(.text)
    __use_no_semihosting_swi                 0x00002b4d   Thumb Code     2  use_no_semi.o(.text)
    __semihosting_library_function           0x00002b4f   Thumb Code     0  indicate_semi.o(.text)
    Region$$Table$$Base                      0x00005f58   Number         0  anon$$obj.o(Region$$Table)
    Region$$Table$$Limit                     0x00005f78   Number         0  anon$$obj.o(Region$$Table)
    NeedToDraw                               0x20000000   Data           4  main.o(.data)
    points                                   0x20000004   Data           1  main.o(.data)
    win                                      0x20000005   Data           1  main.o(.data)
    gameover                                 0x20000006   Data           1  main.o(.data)
    delay                                    0x20000010   Data           4  slidepot.o(.data)
    Length                                   0x20000014   Data           4  sound.o(.data)
    SoundPt                                  0x20000018   Data           4  sound.o(.data)
    PeriodicTask0                            0x2000001c   Data           4  timer0.o(.data)
    PeriodicTask1                            0x20000020   Data           4  timer1.o(.data)
    vccstate                                 0x20000024   Data           4  ssd1306.o(.data)
    rotation                                 0x20000028   Data           4  ssd1306.o(.data)
    StartX                                   0x20000046   Data           2  ssd1306.o(.data)
    CurrentX                                 0x20000048   Data           2  ssd1306.o(.data)
    StartY                                   0x2000004a   Data           2  ssd1306.o(.data)
    CurrentY                                 0x2000004c   Data           2  ssd1306.o(.data)
    sendDataPt                               0x20000050   Data           4  texas.o(.data)
    PeriodicTask2                            0x20000054   Data           4  timer2.o(.data)
    Enemys                                   0x20000058   Data          48  main.o(.bss)
    Player                                   0x20000088   Data          24  main.o(.bss)
    Missiles                                 0x200000a0   Data        1152  main.o(.bss)
    buffer                                   0x20000520   Data        1024  ssd1306.o(.bss)
    __libspace_start                         0x20000920   Data          96  libspace.o(.bss)
    __temporary_stack_top$libspace           0x20000980   Data           0  libspace.o(.bss)



==============================================================================

Memory Map of the image

  Image Entry point : 0x0000026d

  Load Region LR_IROM1 (Base: 0x00000000, Size: 0x00005fd0, Max: 0x00040000, ABSOLUTE)

    Execution Region ER_IROM1 (Exec base: 0x00000000, Load base: 0x00000000, Size: 0x00005f78, Max: 0x00040000, ABSOLUTE)

    Exec Addr    Load Addr    Size         Type   Attr      Idx    E Section Name        Object

    0x00000000   0x00000000   0x0000026c   Data   RO            3    RESET               startup_tm4c123.o
    0x0000026c   0x0000026c   0x00000008   Code   RO          257  * !!!main             c_w.l(__main.o)
    0x00000274   0x00000274   0x00000034   Code   RO          416    !!!scatter          c_w.l(__scatter.o)
    0x000002a8   0x000002a8   0x0000001a   Code   RO          418    !!handler_copy      c_w.l(__scatter_copy.o)
    0x000002c2   0x000002c2   0x00000002   PAD
    0x000002c4   0x000002c4   0x0000001c   Code   RO          420    !!handler_zi        c_w.l(__scatter_zi.o)
    0x000002e0   0x000002e0   0x00000002   Code   RO          284    .ARM.Collect$$libinit$$00000000  c_w.l(libinit.o)
    0x000002e2   0x000002e2   0x00000000   Code   RO          291    .ARM.Collect$$libinit$$00000002  c_w.l(libinit2.o)
    0x000002e2   0x000002e2   0x00000000   Code   RO          293    .ARM.Collect$$libinit$$00000004  c_w.l(libinit2.o)
    0x000002e2   0x000002e2   0x00000000   Code   RO          296    .ARM.Collect$$libinit$$0000000A  c_w.l(libinit2.o)
    0x000002e2   0x000002e2   0x00000000   Code   RO          298    .ARM.Collect$$libinit$$0000000C  c_w.l(libinit2.o)
    0x000002e2   0x000002e2   0x00000000   Code   RO          300    .ARM.Collect$$libinit$$0000000E  c_w.l(libinit2.o)
    0x000002e2   0x000002e2   0x00000000   Code   RO          303    .ARM.Collect$$libinit$$00000011  c_w.l(libinit2.o)
    0x000002e2   0x000002e2   0x00000000   Code   RO          305    .ARM.Collect$$libinit$$00000013  c_w.l(libinit2.o)
    0x000002e2   0x000002e2   0x00000000   Code   RO          307    .ARM.Collect$$libinit$$00000015  c_w.l(libinit2.o)
    0x000002e2   0x000002e2   0x00000000   Code   RO          309    .ARM.Collect$$libinit$$00000017  c_w.l(libinit2.o)
    0x000002e2   0x000002e2   0x00000000   Code   RO          311    .ARM.Collect$$libinit$$00000019  c_w.l(libinit2.o)
    0x000002e2   0x000002e2   0x00000000   Code   RO          313    .ARM.Collect$$libinit$$0000001B  c_w.l(libinit2.o)
    0x000002e2   0x000002e2   0x00000000   Code   RO          315    .ARM.Collect$$libinit$$0000001D  c_w.l(libinit2.o)
    0x000002e2   0x000002e2   0x00000000   Code   RO          317    .ARM.Collect$$libinit$$0000001F  c_w.l(libinit2.o)
    0x000002e2   0x000002e2   0x00000000   Code   RO          319    .ARM.Collect$$libinit$$00000021  c_w.l(libinit2.o)
    0x000002e2   0x000002e2   0x00000000   Code   RO          321    .ARM.Collect$$libinit$$00000023  c_w.l(libinit2.o)
    0x000002e2   0x000002e2   0x00000000   Code   RO          323    .ARM.Collect$$libinit$$00000025  c_w.l(libinit2.o)
    0x000002e2   0x000002e2   0x00000000   Code   RO          327    .ARM.Collect$$libinit$$0000002C  c_w.l(libinit2.o)
    0x000002e2   0x000002e2   0x00000000   Code   RO          329    .ARM.Collect$$libinit$$0000002E  c_w.l(libinit2.o)
    0x000002e2   0x000002e2   0x00000000   Code   RO          331    .ARM.Collect$$libinit$$00000030  c_w.l(libinit2.o)
    0x000002e2   0x000002e2   0x00000000   Code   RO          333    .ARM.Collect$$libinit$$00000032  c_w.l(libinit2.o)
    0x000002e2   0x000002e2   0x00000002   Code   RO          334    .ARM.Collect$$libinit$$00000033  c_w.l(libinit2.o)
    0x000002e4   0x000002e4   0x00000002   Code   RO          354    .ARM.Collect$$libshutdown$$00000000  c_w.l(libshutdown.o)
    0x000002e6   0x000002e6   0x00000000   Code   RO          367    .ARM.Collect$$libshutdown$$00000002  c_w.l(libshutdown2.o)
    0x000002e6   0x000002e6   0x00000000   Code   RO          369    .ARM.Collect$$libshutdown$$00000004  c_w.l(libshutdown2.o)
    0x000002e6   0x000002e6   0x00000000   Code   RO          371    .ARM.Collect$$libshutdown$$00000006  c_w.l(libshutdown2.o)
    0x000002e6   0x000002e6   0x00000000   Code   RO          374    .ARM.Collect$$libshutdown$$00000009  c_w.l(libshutdown2.o)
    0x000002e6   0x000002e6   0x00000000   Code   RO          377    .ARM.Collect$$libshutdown$$0000000C  c_w.l(libshutdown2.o)
    0x000002e6   0x000002e6   0x00000000   Code   RO          379    .ARM.Collect$$libshutdown$$0000000E  c_w.l(libshutdown2.o)
    0x000002e6   0x000002e6   0x00000000   Code   RO          382    .ARM.Collect$$libshutdown$$00000011  c_w.l(libshutdown2.o)
    0x000002e6   0x000002e6   0x00000002   Code   RO          383    .ARM.Collect$$libshutdown$$00000012  c_w.l(libshutdown2.o)
    0x000002e8   0x000002e8   0x00000000   Code   RO          259    .ARM.Collect$$rtentry$$00000000  c_w.l(__rtentry.o)
    0x000002e8   0x000002e8   0x00000000   Code   RO          261    .ARM.Collect$$rtentry$$00000002  c_w.l(__rtentry2.o)
    0x000002e8   0x000002e8   0x00000006   Code   RO          273    .ARM.Collect$$rtentry$$00000004  c_w.l(__rtentry4.o)
    0x000002ee   0x000002ee   0x00000000   Code   RO          263    .ARM.Collect$$rtentry$$00000009  c_w.l(__rtentry2.o)
    0x000002ee   0x000002ee   0x00000004   Code   RO          264    .ARM.Collect$$rtentry$$0000000A  c_w.l(__rtentry2.o)
    0x000002f2   0x000002f2   0x00000000   Code   RO          266    .ARM.Collect$$rtentry$$0000000C  c_w.l(__rtentry2.o)
    0x000002f2   0x000002f2   0x00000008   Code   RO          267    .ARM.Collect$$rtentry$$0000000D  c_w.l(__rtentry2.o)
    0x000002fa   0x000002fa   0x00000002   Code   RO          288    .ARM.Collect$$rtexit$$00000000  c_w.l(rtexit.o)
    0x000002fc   0x000002fc   0x00000000   Code   RO          336    .ARM.Collect$$rtexit$$00000002  c_w.l(rtexit2.o)
    0x000002fc   0x000002fc   0x00000004   Code   RO          337    .ARM.Collect$$rtexit$$00000003  c_w.l(rtexit2.o)
    0x00000300   0x00000300   0x00000006   Code   RO          338    .ARM.Collect$$rtexit$$00000004  c_w.l(rtexit2.o)
    0x00000306   0x00000306   0x00000002   PAD
    0x00000308   0x00000308   0x00000128   Code   RO            4    .text               startup_tm4c123.o
    0x00000430   0x00000430   0x000007d4   Code   RO           10    .text               main.o
    0x00000c04   0x00000c04   0x0000004c   Code   RO           62    .text               dac.o
    0x00000c50   0x00000c50   0x00000040   Code   RO           78    .text               random.o
    0x00000c90   0x00000c90   0x0000017c   Code   RO           93    .text               slidepot.o
    0x00000e0c   0x00000e0c   0x000000b4   Code   RO          115    .text               sound.o
    0x00000ec0   0x00000ec0   0x00000070   Code   RO          135    .text               timer0.o
    0x00000f30   0x00000f30   0x00000070   Code   RO          151    .text               timer1.o
    0x00000fa0   0x00000fa0   0x000005b8   Code   RO          167    .text               i2c3.o
    0x00001558   0x00001558   0x000011dc   Code   RO          183    .text               ssd1306.o
    0x00002734   0x00002734   0x00000284   Code   RO          208    .text               texas.o
    0x000029b8   0x000029b8   0x00000070   Code   RO          224    .text               timer2.o
    0x00002a28   0x00002a28   0x000000ac   Code   RO          240    .text               switch.o
    0x00002ad4   0x00002ad4   0x00000006   Code   RO          255    .text               c_w.l(heapauxi.o)
    0x00002ada   0x00002ada   0x0000004a   Code   RO          275    .text               c_w.l(sys_stackheap_outer.o)
    0x00002b24   0x00002b24   0x00000012   Code   RO          277    .text               c_w.l(exit.o)
    0x00002b36   0x00002b36   0x00000002   PAD
    0x00002b38   0x00002b38   0x00000008   Code   RO          285    .text               c_w.l(libspace.o)
    0x00002b40   0x00002b40   0x0000000c   Code   RO          346    .text               c_w.l(sys_exit.o)
    0x00002b4c   0x00002b4c   0x00000002   Code   RO          357    .text               c_w.l(use_no_semi.o)
    0x00002b4e   0x00002b4e   0x00000000   Code   RO          359    .text               c_w.l(indicate_semi.o)
    0x00002b4e   0x00002b4e   0x00001164   Data   RO           13    .constdata          main.o
    0x00003cb2   0x00003cb2   0x00001d21   Data   RO          117    .constdata          sound.o
    0x000059d3   0x000059d3   0x00000585   Data   RO          186    .constdata          ssd1306.o
    0x00005f58   0x00005f58   0x00000020   Data   RO          414    Region$$Table       anon$$obj.o


    Execution Region RW_IRAM1 (Exec base: 0x20000000, Load base: 0x00005f78, Size: 0x00001180, Max: 0x00008000, ABSOLUTE)

    Exec Addr    Load Addr    Size         Type   Attr      Idx    E Section Name        Object

    0x20000000   0x00005f78   0x0000000c   Data   RW           14    .data               main.o
    0x2000000c   0x00005f84   0x00000004   Data   RW           80    .data               random.o
    0x20000010   0x00005f88   0x00000004   Data   RW           95    .data               slidepot.o
    0x20000014   0x00005f8c   0x00000008   Data   RW          118    .data               sound.o
    0x2000001c   0x00005f94   0x00000004   Data   RW          137    .data               timer0.o
    0x20000020   0x00005f98   0x00000004   Data   RW          153    .data               timer1.o
    0x20000024   0x00005f9c   0x0000002a   Data   RW          187    .data               ssd1306.o
    0x2000004e   0x00005fc6   0x00000002   PAD
    0x20000050   0x00005fc8   0x00000004   Data   RW          210    .data               texas.o
    0x20000054   0x00005fcc   0x00000004   Data   RW          226    .data               timer2.o
    0x20000058        -       0x000004c8   Zero   RW           12    .bss                main.o
    0x20000520        -       0x00000400   Zero   RW          185    .bss                ssd1306.o
    0x20000920        -       0x00000060   Zero   RW          286    .bss                c_w.l(libspace.o)
    0x20000980        -       0x00000400   Zero   RW            2    HEAP                startup_tm4c123.o
    0x20000d80        -       0x00000400   Zero   RW            1    STACK               startup_tm4c123.o


==============================================================================

Image component sizes


      Code (inc. data)   RO Data    RW Data    ZI Data      Debug   Object Name

        76         12          0          0          0       1787   dac.o
      1464         24          0          0          0       4344   i2c3.o
      2004        288       4452         12       1224      10368   main.o
        64         12          0          4          0        850   random.o
       380         24          0          4          0       3990   slidepot.o
       180         20       7457          8          0       1963   sound.o
      4572        198       1413         42       1024      14644   ssd1306.o
       296         22        620          0       2048       5588   startup_tm4c123.o
       172         26          0          0          0        676   switch.o
       644         62          0          4          0       2703   texas.o
       112         22          0          4          0       1158   timer0.o
       112         22          0          4          0       1158   timer1.o
       112         22          0          4          0       1174   timer2.o

    ----------------------------------------------------------------------
     10188        754      13974         88       4296      50403   Object Totals
         0          0         32          0          0          0   (incl. Generated)
         0          0          0          2          0          0   (incl. Padding)

    ----------------------------------------------------------------------

      Code (inc. data)   RO Data    RW Data    ZI Data      Debug   Library Member Name

         8          0          0          0          0         68   __main.o
         0          0          0          0          0          0   __rtentry.o
        12          0          0          0          0          0   __rtentry2.o
         6          0          0          0          0          0   __rtentry4.o
        52          8          0          0          0          0   __scatter.o
        26          0          0          0          0          0   __scatter_copy.o
        28          0          0          0          0          0   __scatter_zi.o
        18          0          0          0          0         80   exit.o
         6          0          0          0          0        152   heapauxi.o
         0          0          0          0          0          0   indicate_semi.o
         2          0          0          0          0          0   libinit.o
         2          0          0          0          0          0   libinit2.o
         2          0          0          0          0          0   libshutdown.o
         2          0          0          0          0          0   libshutdown2.o
         8          4          0          0         96         68   libspace.o
         2          0          0          0          0          0   rtexit.o
        10          0          0          0          0          0   rtexit2.o
        12          4          0          0          0         68   sys_exit.o
        74          0          0          0          0         80   sys_stackheap_outer.o
         2          0          0          0          0         68   use_no_semi.o

    ----------------------------------------------------------------------
       278         16          0          0         96        584   Library Totals
         6          0          0          0          0          0   (incl. Padding)

    ----------------------------------------------------------------------

      Code (inc. data)   RO Data    RW Data    ZI Data      Debug   Library Name

       272         16          0          0         96        584   c_w.l

    ----------------------------------------------------------------------
       278         16          0          0         96        584   Library Totals

    ----------------------------------------------------------------------

==============================================================================


      Code (inc. data)   RO Data    RW Data    ZI Data      Debug   

     10466        770      13974         88       4392      49787   Grand Totals
     10466        770      13974         88       4392      49787   ELF Image Totals
     10466        770      13974         88          0          0   ROM Totals

==============================================================================

    Total RO  Size (Code + RO Data)                24440 (  23.87kB)
    Total RW  Size (RW Data + ZI Data)              4480 (   4.38kB)
    Total ROM Size (Code + RO Data + RW Data)      24528 (  23.95kB)

==============================================================================

